[2025-12-22 15:44:27] Create payment request
Data: {
    "bookingId": 301,
    "orderId": "WEGO_301_1766414667",
    "amount": 1055000
}
--------------------------------------------------------------------------------
[2025-12-22 15:44:28] Create payment response
Data: {
    "resultCode": 0,
    "message": "Thành công."
}
--------------------------------------------------------------------------------
[2025-12-23 16:47:15] Create payment request
Data: {
    "bookingId": 302,
    "orderId": "WEGO_302_1766504835",
    "amount": 2540000
}
--------------------------------------------------------------------------------
[2025-12-23 16:47:15] Create payment response
Data: {
    "resultCode": 0,
    "message": "Thành công."
}
--------------------------------------------------------------------------------
[2025-12-23 16:51:58] Create payment request
Data: {
    "bookingId": "302",
    "orderId": "WEGO_302_1766505118",
    "amount": 2540000
}
--------------------------------------------------------------------------------
[2025-12-23 16:51:58] Create payment response
Data: {
    "resultCode": 0,
    "message": "Thành công."
}
--------------------------------------------------------------------------------
[2025-12-23 16:52:06] Return URL accessed
Data: {
    "GET": {
        "partnerCode": "MOMOBKUN20180529",
        "orderId": "WEGO_302_1766505118",
        "requestId": "1766505118_302",
        "amount": "2540000",
        "orderInfo": "WeGo - BK2025122334B89B - Homestay sân vườn - Tuyên Quang #183",
        "orderType": "momo_wallet",
        "transId": "1766505122526",
        "resultCode": "1006",
        "message": "Giao dịch bị từ chối bởi người dùng.",
        "payType": "",
        "responseTime": "1766505122647",
        "extraData": "{\"booking_id\":\"302\",\"booking_code\":\"BK2025122334B89B\",\"user_name\":\"\\u0110\\u1ed7 Ph\\u01b0\\u01a1ng Th\\u1ea3o\",\"user_email\":\"user001@example.com\"}",
        "signature": "9a5d3869e4e37d4af1f8ec1440295179d6c9ecc2d8ff55bd4dfb2c6644d37106"
    },
    "session_user_id": "1"
}
--------------------------------------------------------------------------------
[2025-12-23 16:52:06] Verify signature
Data: {
    "isValid": true,
    "resultCode": "1006"
}
--------------------------------------------------------------------------------
[2025-12-23 16:52:06] Return URL - Payment failed
Data: {
    "bookingId": "302",
    "orderId": "WEGO_302_1766505118",
    "resultCode": "1006",
    "message": "Giao dịch bị từ chối bởi người dùng."
}
--------------------------------------------------------------------------------
[2025-12-23 16:52:11] Create payment request
Data: {
    "bookingId": 303,
    "orderId": "WEGO_303_1766505131",
    "amount": 2490000
}
--------------------------------------------------------------------------------
[2025-12-23 16:52:11] Create payment response
Data: {
    "resultCode": 0,
    "message": "Thành công."
}
--------------------------------------------------------------------------------
[2025-12-23 17:21:35] Create payment request
Data: {
    "bookingId": 304,
    "orderId": "WEGO_304_1766506895",
    "amount": 525000
}
--------------------------------------------------------------------------------
[2025-12-23 17:21:36] Create payment response
Data: {
    "resultCode": 0,
    "message": "Thành công."
}
--------------------------------------------------------------------------------
[2025-12-24 03:27:27] Create payment request
Data: {
    "bookingId": "304",
    "orderId": "WEGO_304_1766543247",
    "amount": 525000
}
--------------------------------------------------------------------------------
[2025-12-24 03:27:27] Create payment response
Data: {
    "resultCode": 0,
    "message": "Thành công."
}
--------------------------------------------------------------------------------
[2025-12-24 03:28:07] Create payment request
Data: {
    "bookingId": "304",
    "orderId": "WEGO_304_1766543287",
    "amount": 525000
}
--------------------------------------------------------------------------------
[2025-12-24 05:31:25] Create payment request
Data: {
    "bookingId": 301,
    "orderId": "WEGO_301_1766550685",
    "amount": 840000
}
--------------------------------------------------------------------------------
[2025-12-24 05:31:25] Create payment response
Data: {
    "resultCode": 0,
    "message": "Thành công."
}
--------------------------------------------------------------------------------
[2025-12-24 05:38:00] Create payment request
Data: {
    "bookingId": 302,
    "orderId": "WEGO_302_1766551079",
    "amount": 440000
}
--------------------------------------------------------------------------------
[2025-12-24 05:38:00] Create payment response
Data: {
    "resultCode": 0,
    "message": "Thành công."
}
--------------------------------------------------------------------------------
[2025-12-24 06:33:58] Create payment request
Data: {
    "bookingId": 301,
    "orderId": "WEGO_301_1766554438",
    "amount": 525000
}
--------------------------------------------------------------------------------
[2025-12-24 06:33:58] Create payment response
Data: {
    "resultCode": 0,
    "message": "Thành công."
}
--------------------------------------------------------------------------------
